created a log file for myapp
New line added on 13-05-2025
